# serializer version: 1
# name: test_config_entry_diagnostics
  dict({
    'config_entry': dict({
      'data': dict({
        'api_key': '**REDACTED**',
        'latitude': '**REDACTED**',
        'longitude': '**REDACTED**',
        'name': 'Home',
      }),
      'disabled_by': None,
      'domain': 'knmi',
      'entry_id': 'test',
      'minor_version': 1,
      'options': dict({
      }),
      'pref_disable_new_entities': False,
      'pref_disable_polling': False,
      'source': 'user',
      'title': 'Mock Title',
      'unique_id': None,
      'version': 2,
    }),
    'data': dict({
      'api': list([
        dict({
          'bron': 'Bron: Weerdata KNMI/NOAA via Weerlive.nl',
          'max_verz': 300,
          'rest_verz': 132,
        }),
      ]),
      'liveweer': list([
        dict({
          'alarm': 0,
          'dauwp': 10.1,
          'gr': 0,
          'gtemp': 6.8,
          'image': 'wolkennacht',
          'ldmmhg': 761,
          'lkop': 'Vanavond (zeer) zware windstoten',
          'ltekst': 'De eerstkomende uren zijn er geen waarschuwingen van kracht. Vanavond komen er (zeer) zware windstoten voor. Landinwaarts tot 90 km/u, aan de kust tot 110 km/u. De wind komt uit een zuidwestelijke richting. Verkeer en buitenactiviteiten kunnen hinder ondervinden.',
          'luchtd': 1015.03,
          'lv': 97,
          'plaats': 'Purmerend',
          'samenv': 'Licht bewolkt',
          'sunder': '17:51',
          'sup': '07:57',
          'temp': 10.5,
          'time': '14-02-2024 22:08:03',
          'timestamp': 1707944883,
          'verw': 'Bewolkt en perioden met regen. Morgen in de middag droog en zeer zacht',
          'windbft': 5,
          'windkmh': 29.1,
          'windknp': 15.7,
          'windms': 8.08,
          'windr': 'WZW',
          'windrgr': 226,
          'wrsch_g': '22-02-2024 18:00',
          'wrsch_gc': 'geel',
          'wrsch_gts': 1708621200,
          'wrschklr': 'groen',
          'zicht': 6990,
        }),
      ]),
      'uur_verw': list([
        dict({
          'gr': 0,
          'image': 'nachtbewolkt',
          'neersl': 0,
          'temp': 10,
          'timestamp': 1707948000,
          'uur': '14-02-2024 23:00',
          'windbft': 4,
          'windkmh': 21,
          'windknp': 12,
          'windms': 6,
          'windr': 'ZW',
          'windrgr': 231,
        }),
        dict({
          'gr': 0,
          'image': 'nachtbewolkt',
          'neersl': 0,
          'temp': 10,
          'timestamp': 1707951600,
          'uur': '15-02-2024 00:00',
          'windbft': 3,
          'windkmh': 18,
          'windknp': 10,
          'windms': 5,
          'windr': 'ZW',
          'windrgr': 233,
        }),
        dict({
          'gr': 0,
          'image': 'regen',
          'neersl': 0.1,
          'temp': 10,
          'timestamp': 1707955200,
          'uur': '15-02-2024 01:00',
          'windbft': 3,
          'windkmh': 18,
          'windknp': 10,
          'windms': 5,
          'windr': 'ZW',
          'windrgr': 232,
        }),
        dict({
          'gr': 0,
          'image': 'bewolkt',
          'neersl': 0,
          'temp': 10,
          'timestamp': 1707958800,
          'uur': '15-02-2024 02:00',
          'windbft': 3,
          'windkmh': 18,
          'windknp': 10,
          'windms': 5,
          'windr': 'ZW',
          'windrgr': 226,
        }),
        dict({
          'gr': 0,
          'image': 'bewolkt',
          'neersl': 0,
          'temp': 10,
          'timestamp': 1707962400,
          'uur': '15-02-2024 03:00',
          'windbft': 3,
          'windkmh': 18,
          'windknp': 10,
          'windms': 5,
          'windr': 'ZW',
          'windrgr': 224,
        }),
        dict({
          'gr': 0,
          'image': 'bewolkt',
          'neersl': 0,
          'temp': 10,
          'timestamp': 1707966000,
          'uur': '15-02-2024 04:00',
          'windbft': 3,
          'windkmh': 18,
          'windknp': 10,
          'windms': 5,
          'windr': 'ZW',
          'windrgr': 219,
        }),
        dict({
          'gr': 0,
          'image': 'bewolkt',
          'neersl': 0,
          'temp': 10,
          'timestamp': 1707969600,
          'uur': '15-02-2024 05:00',
          'windbft': 3,
          'windkmh': 14,
          'windknp': 8,
          'windms': 4,
          'windr': 'Z',
          'windrgr': 203,
        }),
        dict({
          'gr': 0,
          'image': 'regen',
          'neersl': 0.2,
          'temp': 10,
          'timestamp': 1707973200,
          'uur': '15-02-2024 06:00',
          'windbft': 3,
          'windkmh': 14,
          'windknp': 8,
          'windms': 4,
          'windr': 'Z',
          'windrgr': 190,
        }),
        dict({
          'gr': 0,
          'image': 'regen',
          'neersl': 0.9,
          'temp': 10,
          'timestamp': 1707976800,
          'uur': '15-02-2024 07:00',
          'windbft': 3,
          'windkmh': 14,
          'windknp': 8,
          'windms': 4,
          'windr': 'Z',
          'windrgr': 196,
        }),
        dict({
          'gr': 0,
          'image': 'regen',
          'neersl': 1,
          'temp': 11,
          'timestamp': 1707980400,
          'uur': '15-02-2024 08:00',
          'windbft': 3,
          'windkmh': 18,
          'windknp': 10,
          'windms': 5,
          'windr': 'Z',
          'windrgr': 210,
        }),
        dict({
          'gr': 3,
          'image': 'regen',
          'neersl': 0.1,
          'temp': 11,
          'timestamp': 1707984000,
          'uur': '15-02-2024 09:00',
          'windbft': 3,
          'windkmh': 14,
          'windknp': 8,
          'windms': 4,
          'windr': 'ZW',
          'windrgr': 218,
        }),
        dict({
          'gr': 6,
          'image': 'bewolkt',
          'neersl': 0,
          'temp': 11,
          'timestamp': 1707987600,
          'uur': '15-02-2024 10:00',
          'windbft': 3,
          'windkmh': 14,
          'windknp': 8,
          'windms': 4,
          'windr': 'ZW',
          'windrgr': 217,
        }),
        dict({
          'gr': 11,
          'image': 'regen',
          'neersl': 0.1,
          'temp': 11,
          'timestamp': 1707991200,
          'uur': '15-02-2024 11:00',
          'windbft': 3,
          'windkmh': 14,
          'windknp': 8,
          'windms': 4,
          'windr': 'ZW',
          'windrgr': 214,
        }),
        dict({
          'gr': 30,
          'image': 'bewolkt',
          'neersl': 0,
          'temp': 12,
          'timestamp': 1707994800,
          'uur': '15-02-2024 12:00',
          'windbft': 3,
          'windkmh': 14,
          'windknp': 8,
          'windms': 4,
          'windr': 'Z',
          'windrgr': 206,
        }),
        dict({
          'gr': 172,
          'image': 'bewolkt',
          'neersl': 0,
          'temp': 13,
          'timestamp': 1707998400,
          'uur': '15-02-2024 13:00',
          'windbft': 3,
          'windkmh': 14,
          'windknp': 8,
          'windms': 4,
          'windr': 'Z',
          'windrgr': 211,
        }),
        dict({
          'gr': 161,
          'image': 'bewolkt',
          'neersl': 0,
          'temp': 14,
          'timestamp': 1708002000,
          'uur': '15-02-2024 14:00',
          'windbft': 3,
          'windkmh': 14,
          'windknp': 8,
          'windms': 4,
          'windr': 'Z',
          'windrgr': 200,
        }),
        dict({
          'gr': 58,
          'image': 'bewolkt',
          'neersl': 0,
          'temp': 14,
          'timestamp': 1708005600,
          'uur': '15-02-2024 15:00',
          'windbft': 2,
          'windkmh': 10,
          'windknp': 6,
          'windms': 3,
          'windr': 'Z',
          'windrgr': 179,
        }),
        dict({
          'gr': 114,
          'image': 'bewolkt',
          'neersl': 0,
          'temp': 14,
          'timestamp': 1708009200,
          'uur': '15-02-2024 16:00',
          'windbft': 2,
          'windkmh': 10,
          'windknp': 6,
          'windms': 3,
          'windr': 'ZO',
          'windrgr': 167,
        }),
        dict({
          'gr': 72,
          'image': 'bewolkt',
          'neersl': 0,
          'temp': 14,
          'timestamp': 1708012800,
          'uur': '15-02-2024 17:00',
          'windbft': 3,
          'windkmh': 14,
          'windknp': 8,
          'windms': 4,
          'windr': 'Z',
          'windrgr': 168,
        }),
        dict({
          'gr': 14,
          'image': 'bewolkt',
          'neersl': 0,
          'temp': 13,
          'timestamp': 1708016400,
          'uur': '15-02-2024 18:00',
          'windbft': 3,
          'windkmh': 14,
          'windknp': 8,
          'windms': 4,
          'windr': 'ZO',
          'windrgr': 156,
        }),
        dict({
          'gr': 0,
          'image': 'bewolkt',
          'neersl': 0,
          'temp': 12,
          'timestamp': 1708020000,
          'uur': '15-02-2024 19:00',
          'windbft': 3,
          'windkmh': 14,
          'windknp': 8,
          'windms': 4,
          'windr': 'ZO',
          'windrgr': 155,
        }),
        dict({
          'gr': 0,
          'image': 'bewolkt',
          'neersl': 0,
          'temp': 12,
          'timestamp': 1708023600,
          'uur': '15-02-2024 20:00',
          'windbft': 3,
          'windkmh': 18,
          'windknp': 10,
          'windms': 5,
          'windr': 'ZO',
          'windrgr': 152,
        }),
        dict({
          'gr': 0,
          'image': 'bewolkt',
          'neersl': 0,
          'temp': 12,
          'timestamp': 1708027200,
          'uur': '15-02-2024 21:00',
          'windbft': 3,
          'windkmh': 18,
          'windknp': 10,
          'windms': 5,
          'windr': 'ZO',
          'windrgr': 155,
        }),
        dict({
          'gr': 0,
          'image': 'bewolkt',
          'neersl': 0,
          'temp': 12,
          'timestamp': 1708030800,
          'uur': '15-02-2024 22:00',
          'windbft': 3,
          'windkmh': 18,
          'windknp': 10,
          'windms': 5,
          'windr': 'ZO',
          'windrgr': 162,
        }),
      ]),
      'wk_verw': list([
        dict({
          'dag': '14-02-2024',
          'image': 'bewolkt',
          'max_temp': 10,
          'min_temp': 10,
          'neersl_perc_dag': 0,
          'windbft': 4,
          'windkmh': 25,
          'windknp': 14,
          'windms': 7,
          'windr': 'ZW',
          'windrgr': 221,
          'zond_perc_dag': 0,
        }),
        dict({
          'dag': '15-02-2024',
          'image': 'bewolkt',
          'max_temp': 12,
          'min_temp': 10,
          'neersl_perc_dag': 10,
          'windbft': 3,
          'windkmh': 18,
          'windknp': 10,
          'windms': 5,
          'windr': 'Z',
          'windrgr': 184,
          'zond_perc_dag': 8,
        }),
        dict({
          'dag': '16-02-2024',
          'image': 'buien',
          'max_temp': 10,
          'min_temp': 9,
          'neersl_perc_dag': 40,
          'windbft': 3,
          'windkmh': 18,
          'windknp': 10,
          'windms': 5,
          'windr': 'Z',
          'windrgr': 199,
          'zond_perc_dag': 14,
        }),
        dict({
          'dag': '17-02-2024',
          'image': 'halfbewolkt',
          'max_temp': 8,
          'min_temp': 6,
          'neersl_perc_dag': 20,
          'windbft': 3,
          'windkmh': 18,
          'windknp': 10,
          'windms': 5,
          'windr': 'ZW',
          'windrgr': 228,
          'zond_perc_dag': 46,
        }),
        dict({
          'dag': '18-02-2024',
          'image': 'bewolkt',
          'max_temp': 8,
          'min_temp': 7,
          'neersl_perc_dag': 10,
          'windbft': 3,
          'windkmh': 18,
          'windknp': 10,
          'windms': 5,
          'windr': 'Z',
          'windrgr': 210,
          'zond_perc_dag': 0,
        }),
      ]),
    }),
    'response_text': '''
      {
        "liveweer": [
          {
            "plaats": "Purmerend",
            "timestamp": 1707944883,
            "time": "14-02-2024 22:08:03",
            "temp": 10.5,
            "gtemp": 6.8,
            "samenv": "Licht bewolkt",
            "lv": 97,
            "windr": "WZW",
            "windrgr": 226,
            "windms": 8.08,
            "windbft": 5,
            "windknp": 15.7,
            "windkmh": 29.1,
            "luchtd": 1015.03,
            "ldmmhg": 761,
            "dauwp": 10.1,
            "zicht": 6990,
            "gr": 0,
            "verw": "Bewolkt en perioden met regen. Morgen in de middag droog en zeer zacht",
            "sup": "07:57",
            "sunder": "17:51",
            "image": "wolkennacht",
            "alarm": 0,
            "lkop": "Vanavond (zeer) zware windstoten",
            "ltekst": "De eerstkomende uren zijn er geen waarschuwingen van kracht. Vanavond komen er (zeer) zware windstoten voor. Landinwaarts tot 90 km/u, aan de kust tot 110 km/u. De wind komt uit een zuidwestelijke richting. Verkeer en buitenactiviteiten kunnen hinder ondervinden.",
            "wrschklr": "groen",
            "wrsch_g": "22-02-2024 18:00",
            "wrsch_gts": 1708621200,
            "wrsch_gc": "geel"
          }
        ],
        "wk_verw": [
          {
            "dag": "14-02-2024",
            "image": "bewolkt",
            "max_temp": 10,
            "min_temp": 10,
            "windbft": 4,
            "windkmh": 25,
            "windknp": 14,
            "windms": 7,
            "windrgr": 221,
            "windr": "ZW",
            "neersl_perc_dag": 0,
            "zond_perc_dag": 0
          },
          {
            "dag": "15-02-2024",
            "image": "bewolkt",
            "max_temp": 12,
            "min_temp": 10,
            "windbft": 3,
            "windkmh": 18,
            "windknp": 10,
            "windms": 5,
            "windrgr": 184,
            "windr": "Z",
            "neersl_perc_dag": 10,
            "zond_perc_dag": 8
          },
          {
            "dag": "16-02-2024",
            "image": "buien",
            "max_temp": 10,
            "min_temp": 9,
            "windbft": 3,
            "windkmh": 18,
            "windknp": 10,
            "windms": 5,
            "windrgr": 199,
            "windr": "Z",
            "neersl_perc_dag": 40,
            "zond_perc_dag": 14
          },
          {
            "dag": "17-02-2024",
            "image": "halfbewolkt",
            "max_temp": 8,
            "min_temp": 6,
            "windbft": 3,
            "windkmh": 18,
            "windknp": 10,
            "windms": 5,
            "windrgr": 228,
            "windr": "ZW",
            "neersl_perc_dag": 20,
            "zond_perc_dag": 46
          },
          {
            "dag": "18-02-2024",
            "image": "bewolkt",
            "max_temp": 8,
            "min_temp": 7,
            "windbft": 3,
            "windkmh": 18,
            "windknp": 10,
            "windms": 5,
            "windrgr": 210,
            "windr": "Z",
            "neersl_perc_dag": 10,
            "zond_perc_dag": 0
          }
        ],
        "uur_verw": [
          {
            "uur": "14-02-2024 23:00",
            "timestamp": 1707948000,
            "image": "nachtbewolkt",
            "temp": 10,
            "windbft": 4,
            "windkmh": 21,
            "windknp": 12,
            "windms": 6,
            "windrgr": 231,
            "windr": "ZW",
            "neersl": 0,
            "gr": 0
          },
          {
            "uur": "15-02-2024 00:00",
            "timestamp": 1707951600,
            "image": "nachtbewolkt",
            "temp": 10,
            "windbft": 3,
            "windkmh": 18,
            "windknp": 10,
            "windms": 5,
            "windrgr": 233,
            "windr": "ZW",
            "neersl": 0,
            "gr": 0
          },
          {
            "uur": "15-02-2024 01:00",
            "timestamp": 1707955200,
            "image": "regen",
            "temp": 10,
            "windbft": 3,
            "windkmh": 18,
            "windknp": 10,
            "windms": 5,
            "windrgr": 232,
            "windr": "ZW",
            "neersl": 0.1,
            "gr": 0
          },
          {
            "uur": "15-02-2024 02:00",
            "timestamp": 1707958800,
            "image": "bewolkt",
            "temp": 10,
            "windbft": 3,
            "windkmh": 18,
            "windknp": 10,
            "windms": 5,
            "windrgr": 226,
            "windr": "ZW",
            "neersl": 0,
            "gr": 0
          },
          {
            "uur": "15-02-2024 03:00",
            "timestamp": 1707962400,
            "image": "bewolkt",
            "temp": 10,
            "windbft": 3,
            "windkmh": 18,
            "windknp": 10,
            "windms": 5,
            "windrgr": 224,
            "windr": "ZW",
            "neersl": 0,
            "gr": 0
          },
          {
            "uur": "15-02-2024 04:00",
            "timestamp": 1707966000,
            "image": "bewolkt",
            "temp": 10,
            "windbft": 3,
            "windkmh": 18,
            "windknp": 10,
            "windms": 5,
            "windrgr": 219,
            "windr": "ZW",
            "neersl": 0,
            "gr": 0
          },
          {
            "uur": "15-02-2024 05:00",
            "timestamp": 1707969600,
            "image": "bewolkt",
            "temp": 10,
            "windbft": 3,
            "windkmh": 14,
            "windknp": 8,
            "windms": 4,
            "windrgr": 203,
            "windr": "Z",
            "neersl": 0,
            "gr": 0
          },
          {
            "uur": "15-02-2024 06:00",
            "timestamp": 1707973200,
            "image": "regen",
            "temp": 10,
            "windbft": 3,
            "windkmh": 14,
            "windknp": 8,
            "windms": 4,
            "windrgr": 190,
            "windr": "Z",
            "neersl": 0.2,
            "gr": 0
          },
          {
            "uur": "15-02-2024 07:00",
            "timestamp": 1707976800,
            "image": "regen",
            "temp": 10,
            "windbft": 3,
            "windkmh": 14,
            "windknp": 8,
            "windms": 4,
            "windrgr": 196,
            "windr": "Z",
            "neersl": 0.9,
            "gr": 0
          },
          {
            "uur": "15-02-2024 08:00",
            "timestamp": 1707980400,
            "image": "regen",
            "temp": 11,
            "windbft": 3,
            "windkmh": 18,
            "windknp": 10,
            "windms": 5,
            "windrgr": 210,
            "windr": "Z",
            "neersl": 1,
            "gr": 0
          },
          {
            "uur": "15-02-2024 09:00",
            "timestamp": 1707984000,
            "image": "regen",
            "temp": 11,
            "windbft": 3,
            "windkmh": 14,
            "windknp": 8,
            "windms": 4,
            "windrgr": 218,
            "windr": "ZW",
            "neersl": 0.1,
            "gr": 3
          },
          {
            "uur": "15-02-2024 10:00",
            "timestamp": 1707987600,
            "image": "bewolkt",
            "temp": 11,
            "windbft": 3,
            "windkmh": 14,
            "windknp": 8,
            "windms": 4,
            "windrgr": 217,
            "windr": "ZW",
            "neersl": 0,
            "gr": 6
          },
          {
            "uur": "15-02-2024 11:00",
            "timestamp": 1707991200,
            "image": "regen",
            "temp": 11,
            "windbft": 3,
            "windkmh": 14,
            "windknp": 8,
            "windms": 4,
            "windrgr": 214,
            "windr": "ZW",
            "neersl": 0.1,
            "gr": 11
          },
          {
            "uur": "15-02-2024 12:00",
            "timestamp": 1707994800,
            "image": "bewolkt",
            "temp": 12,
            "windbft": 3,
            "windkmh": 14,
            "windknp": 8,
            "windms": 4,
            "windrgr": 206,
            "windr": "Z",
            "neersl": 0,
            "gr": 30
          },
          {
            "uur": "15-02-2024 13:00",
            "timestamp": 1707998400,
            "image": "bewolkt",
            "temp": 13,
            "windbft": 3,
            "windkmh": 14,
            "windknp": 8,
            "windms": 4,
            "windrgr": 211,
            "windr": "Z",
            "neersl": 0,
            "gr": 172
          },
          {
            "uur": "15-02-2024 14:00",
            "timestamp": 1708002000,
            "image": "bewolkt",
            "temp": 14,
            "windbft": 3,
            "windkmh": 14,
            "windknp": 8,
            "windms": 4,
            "windrgr": 200,
            "windr": "Z",
            "neersl": 0,
            "gr": 161
          },
          {
            "uur": "15-02-2024 15:00",
            "timestamp": 1708005600,
            "image": "bewolkt",
            "temp": 14,
            "windbft": 2,
            "windkmh": 10,
            "windknp": 6,
            "windms": 3,
            "windrgr": 179,
            "windr": "Z",
            "neersl": 0,
            "gr": 58
          },
          {
            "uur": "15-02-2024 16:00",
            "timestamp": 1708009200,
            "image": "bewolkt",
            "temp": 14,
            "windbft": 2,
            "windkmh": 10,
            "windknp": 6,
            "windms": 3,
            "windrgr": 167,
            "windr": "ZO",
            "neersl": 0,
            "gr": 114
          },
          {
            "uur": "15-02-2024 17:00",
            "timestamp": 1708012800,
            "image": "bewolkt",
            "temp": 14,
            "windbft": 3,
            "windkmh": 14,
            "windknp": 8,
            "windms": 4,
            "windrgr": 168,
            "windr": "Z",
            "neersl": 0,
            "gr": 72
          },
          {
            "uur": "15-02-2024 18:00",
            "timestamp": 1708016400,
            "image": "bewolkt",
            "temp": 13,
            "windbft": 3,
            "windkmh": 14,
            "windknp": 8,
            "windms": 4,
            "windrgr": 156,
            "windr": "ZO",
            "neersl": 0,
            "gr": 14
          },
          {
            "uur": "15-02-2024 19:00",
            "timestamp": 1708020000,
            "image": "bewolkt",
            "temp": 12,
            "windbft": 3,
            "windkmh": 14,
            "windknp": 8,
            "windms": 4,
            "windrgr": 155,
            "windr": "ZO",
            "neersl": 0,
            "gr": 0
          },
          {
            "uur": "15-02-2024 20:00",
            "timestamp": 1708023600,
            "image": "bewolkt",
            "temp": 12,
            "windbft": 3,
            "windkmh": 18,
            "windknp": 10,
            "windms": 5,
            "windrgr": 152,
            "windr": "ZO",
            "neersl": 0,
            "gr": 0
          },
          {
            "uur": "15-02-2024 21:00",
            "timestamp": 1708027200,
            "image": "bewolkt",
            "temp": 12,
            "windbft": 3,
            "windkmh": 18,
            "windknp": 10,
            "windms": 5,
            "windrgr": 155,
            "windr": "ZO",
            "neersl": 0,
            "gr": 0
          },
          {
            "uur": "15-02-2024 22:00",
            "timestamp": 1708030800,
            "image": "bewolkt",
            "temp": 12,
            "windbft": 3,
            "windkmh": 18,
            "windknp": 10,
            "windms": 5,
            "windrgr": 162,
            "windr": "ZO",
            "neersl": 0,
            "gr": 0
          }
        ],
        "api": [
          {
            "bron": "Bron: Weerdata KNMI/NOAA via Weerlive.nl",
            "max_verz": 300,
            "rest_verz": 132
          }
        ]
      }
  
    ''',
  })
# ---
